
> xbee-messenger@1.0.0 build
> next build

  ▲ Next.js 14.2.35
  - Environments: .env.local
  - Experiments (use with caution):
    · cpus

   Creating an optimized production build ...
 ✓ Compiled successfully
   Linting and checking validity of types ...
   Collecting page data ...
   Generating static pages (0/17) ...
   Generating static pages (4/17) 
   Generating static pages (8/17) 
   Generating static pages (12/17) 
 ✓ Generating static pages (17/17)
   Finalizing page optimization ...
   Collecting build traces ...

Route (app)                              Size     First Load JS
┌ ○ /                                    8.86 kB         230 kB
├ ○ /_not-found                          873 B          88.2 kB
├ ○ /admin                               13.2 kB         222 kB
├ ƒ /api/ai/chat                         0 B                0 B
├ ƒ /api/posts                           0 B                0 B
├ ƒ /api/trust/calculate                 0 B                0 B
├ ○ /bookmarks                           2.69 kB         223 kB
├ ○ /communities                         5.52 kB         205 kB
├ ○ /explore                             5.26 kB         226 kB
├ ○ /icon.svg                            0 B                0 B
├ ○ /messages                            23.4 kB         232 kB
├ ○ /monetization                        7.79 kB         228 kB
├ ○ /notifications                       4.08 kB         213 kB
├ ƒ /post/[id]                           2.71 kB         223 kB
├ ○ /profile                             8.99 kB         230 kB
└ ○ /settings                            8.94 kB         209 kB
+ First Load JS shared by all            87.3 kB
  ├ chunks/117-521b3ac26411125a.js       31.7 kB
  ├ chunks/fd9d1056-411c0e320fe15393.js  53.6 kB
  └ other shared chunks (total)          1.95 kB


○  (Static)   prerendered as static content
ƒ  (Dynamic)  server-rendered on demand

